TAP version 13
# Subtest: saved definition proof binds the catalog and actual hash inputs
ok 1 - saved definition proof binds the catalog and actual hash inputs
  ---
  duration_ms: 696.2636
  type: 'test'
  ...
# Subtest: reuse invalidates the whole changed scenario and shared inputs
ok 2 - reuse invalidates the whole changed scenario and shared inputs
  ---
  duration_ms: 726.7141
  type: 'test'
  ...
# Subtest: slices require each check exactly once in every required evidence population
ok 3 - slices require each check exactly once in every required evidence population
  ---
  duration_ms: 1.0167
  type: 'test'
  ...
# Subtest: saved slices validate real artifacts and reject incomplete or mismatched evidence
ok 4 - saved slices validate real artifacts and reject incomplete or mismatched evidence
  ---
  duration_ms: 3982.5054
  type: 'test'
  ...
1..4
# tests 4
# suites 0
# pass 4
# fail 0
# cancelled 0
# skipped 0
# todo 0
# duration_ms 6608.3054
