TAP version 13
# Subtest: saved slices validate real artifacts and reject incomplete or mismatched evidence
not ok 1 - saved slices validate real artifacts and reject incomplete or mismatched evidence
  ---
  duration_ms: 2739.1988
  type: 'test'
  location: 'D:\\Development\\ClockworkLabs\\SpacetimeDB\\SpacetimeDB\\tools\\stack-bench\\dist\\tests\\qualification-slices.test.js:70:1'
  failureType: 'testCodeFailure'
  error: |-
    Got unwanted exception.
    Actual message: "invalid calibration at evidence.mutation:postgres:1: qualification artifact source references differs"
  code: 'ERR_ASSERTION'
  name: 'AssertionError'
  actual:
  error: 'invalid calibration at evidence.mutation:postgres:1: qualification artifact source references differs'
  stack: |-
    fail (file:///D:/Development/ClockworkLabs/SpacetimeDB/SpacetimeDB/tools/stack-bench/dist/src/composition/calibration-compiler.js:26:11)
    evidenceFailure (file:///D:/Development/ClockworkLabs/SpacetimeDB/SpacetimeDB/tools/stack-bench/dist/src/composition/calibration-compiler.js:407:5)
    validateQualificationSlice (file:///D:/Development/ClockworkLabs/SpacetimeDB/SpacetimeDB/tools/stack-bench/dist/src/composition/calibration-compiler.js:742:9)
    file:///D:/Development/ClockworkLabs/SpacetimeDB/SpacetimeDB/tools/stack-bench/dist/tests/qualification-slices.test.js:259:31
    getActual (node:assert:609:5)
    Function.doesNotThrow (node:assert:777:32)
    TestContext.<anonymous> (file:///D:/Development/ClockworkLabs/SpacetimeDB/SpacetimeDB/tools/stack-bench/dist/tests/qualification-slices.test.js:259:12)
    Test.runInAsyncScope (node:async_hooks:214:14)
    Test.run (node:internal/test_runner/test:1047:25)
    Test.start (node:internal/test_runner/test:944:17)
  operator: 'doesNotThrow'
  stack: |-
    TestContext.<anonymous> (file:///D:/Development/ClockworkLabs/SpacetimeDB/SpacetimeDB/tools/stack-bench/dist/tests/qualification-slices.test.js:259:12)
    Test.runInAsyncScope (node:async_hooks:214:14)
    Test.run (node:internal/test_runner/test:1047:25)
    Test.start (node:internal/test_runner/test:944:17)
    startSubtestAfterBootstrap (node:internal/test_runner/harness:296:17)
  ...
1..1
# tests 1
# suites 0
# pass 0
# fail 1
# cancelled 0
# skipped 0
# todo 0
# duration_ms 3839.9841
