
qualifying ecommerce-reference-postgres: clean run 1/1
  sandbox    ... coding container is isolated from the controller and grading files
  preflight  ... 23 checks passed, 2 warning(s)
  preflight  ... 25 checks passed, 1 warning(s)

================ postgres — level 3 ================
  kept the unaided source at /var/lib/docker/volumes/stack-bench-state/_data/results/diagnostics/count-f9d81006c/postgres-transfer-control.runs/r1/first-build-l3

=== postgres-l3 (postgres) ===
  app: /var/lib/docker/volumes/stack-bench-state/_data/work/reference-live-postgres-2I1t9B/app
  url: http://localhost:6603
  recipe: L3 -> ecommerce.progression-catalog (4f5c06438874)
  scope: 2 check(s), 5 point(s)
    features: ecommerce.feature.accounts, ecommerce.feature.cart, ecommerce.feature.catalog-discovery, ecommerce.feature.catalog-items, ecommerce.feature.checkout, ecommerce.feature.purchasing, ecommerce.feature.reviews, ecommerce.feature.warehouse-admin, ecommerce.l2.inventory-dashboard, ecommerce.l2.order-cancellation-features, ecommerce.l2.recommendations, ecommerce.l2.sales-dashboard, ecommerce.l2.stock-transfers-features, ecommerce.l3.scheduled-restocks-features, ecommerce.progression.catalog-management, ecommerce.progression.customer-profile, ecommerce.progression.faceted-search, ecommerce.progression.fulfilment-queue, ecommerce.progression.managed-support, ecommerce.progression.notification-preferences, ecommerce.progression.promotion-rules, ecommerce.progression.staff-access, ecommerce.progression.staff-roles, ecommerce.progression.stock-alerts, ecommerce.progression.support-history, ecommerce.progression.support-intake, ecommerce.progression.support-triage
    extra checks: ecommerce.inventory-operations.warehouse-transfer.2a, ecommerce.operations-access.operator-authorization.201a
  code        ... 2607 server LOC in 11 files, 4491 total LOC, 10 runtime deps
  database    ... leased database requires runtime marker verification
  stop application ... ok
  reset database ... ok
  restart     ... ok
  stop application ... ok
  reset database ... ok
  restart     ... ok
  db runtime  ... the application marker exists in the leased PostgreSQL database
  contract lint ... DEFERRED (31 interfaces checked during feature grading)
  actions    ... all 6 present
  selected-source-001 ... not selected
  selected-source-002 ... not selected
  selected-source-003 ... not selected
  selected-source-004 ... not selected
  selected-source-005 ... not selected
  selected-source-006 ... not selected
  selected-source-007 ... not selected
  selected-source-008 ... not selected
  selected-source-009 ... not selected
  selected-source-010 ... not selected
  selected-source-011 ... not selected
  selected-source-012 ... not selected
  selected-source-013 ... not selected
  selected-source-014 ... not selected
  selected-source-015 ... not selected
  selected-source-016 ... not selected
  selected-source-017 ... not selected
  selected-source-018 ... not selected
  selected-source-019 ... not selected
  selected-source-020 ... not selected
  selected-source-021 ... not selected
  selected-source-022 ... not selected
  selected-source-023 ... not selected
  selected-source-024 ... not selected
  selected-source-025 ... not selected
  selected-source-026 ... not selected
  selected-source-027 ... not selected
  selected-source-028 ... not selected
  selected-source-029 ... not selected
  selected-source-030 ... not selected
  selected-source-031 ... not selected
  selected-source-032 ... not selected
  selected-source-033 ... not selected
  selected-source-034 ... not selected
  selected-source-035 ... not selected
  selected-source-036 ... not selected
  selected-source-037 ... not selected
  selected-source-038 ... not selected
  selected-source-039 ... not selected
  selected-source-040 ... not selected
  selected-source-041 ... not selected
  selected-source-042 ... not selected
  selected-source-043 ... not selected
  selected-source-044 ... not selected
  selected-source-045 ... not selected
  selected-source-046 ... not selected
  stop application ... ok
  reset database ... ok
  restart     ... ok
  selected-source-047 ... 5/5
  selected-source-048 ... not selected
  selected-source-049 ... not selected
  selected-source-050 ... not selected
  selected-source-051 ... not selected
  selected-source-052 ... not selected
  selected-source-053 ... not selected
  selected-source-054 ... not selected
  selected-source-055 ... not selected
  selected-source-056 ... not selected
  selected-source-057 ... not selected
  selected-source-058 ... not selected
  selected-source-059 ... not selected
  selected-source-060 ... not selected
  selected-source-061 ... not selected
  selected-source-062 ... not selected
  selected-source-063 ... not selected
  selected-source-064 ... not selected
  selected-source-065 ... not selected
  selected-source-066 ... not selected
  selected-source-067 ... not selected
  selected-source-068 ... not selected
  selected-source-069 ... not selected
  selected-source-070 ... not selected
  selected-source-071 ... not selected
  selected-source-072 ... not selected
  selected-source-073 ... not selected
  selected-source-074 ... not selected
  selected-source-075 ... not selected
  selected-source-076 ... not selected
  selected-source-077 ... not selected
  selected-source-078 ... not selected
  selected-source-079 ... not selected
  selected-source-080 ... not selected
  selected-source-081 ... not selected
  selected-source-082 ... not selected
  selected-source-083 ... not selected
  selected-source-084 ... not selected
  selected-source-085 ... not selected
  selected-source-086 ... not selected
  selected-source-087 ... not selected
  selected-source-088 ... not selected
  selected-source-089 ... not selected
  selected-source-090 ... not selected
  selected-source-091 ... not selected
  selected-source-092 ... not selected
  selected-source-093 ... not selected
  selected-source-094 ... not selected
  selected-source-095 ... not selected
  selected-source-096 ... not selected
  selected-source-097 ... not selected
  selected-source-098 ... not selected
  selected-source-099 ... not selected
  selected-source-100 ... not selected
  selected-source-101 ... not selected
  selected-source-102 ... not selected
  selected-source-103 ... not selected
  selected-source-104 ... not selected
  selected-source-105 ... not selected
  selected-source-106 ... not selected
  selected-source-107 ... not selected
  selected-source-108 ... not selected
  selected-source-109 ... not selected
  selected-source-110 ... not selected
  selected-source-111 ... not selected
  selected-source-112 ... not selected
  selected-source-113 ... not selected
  selected-source-114 ... not selected
  evidence write and source verification ... 46.4ms
  TOTAL      ... 5/5
  bundle: /var/lib/docker/volumes/stack-bench-state/_data/work/reference-live-postgres-2I1t9B/app-grading/bundle.json
  kept the unaided grading at /var/lib/docker/volumes/stack-bench-state/_data/results/diagnostics/count-f9d81006c/postgres-transfer-control.runs/r1/first-build-l3-grading
  kept the L3 source checkpoint at /var/lib/docker/volumes/stack-bench-state/_data/results/diagnostics/count-f9d81006c/postgres-transfer-control.runs/r1/level-l3-source

================ postgres mutation control ================
Baseline (verified clean evidence, /opt/stack-bench/tracks/ecommerce/scenarios/02-strengthened.json)...
  baseline: 5/5  F2:3 F201:2

CAUGHT               transfer-debits-source-without-crediting-existing-destination — expected ecommerce.inventory-operations.warehouse-transfer.2a, ecommerce.operations-access.operator-authorization.201a
    failed criteria: ecommerce.inventory-operations.warehouse-transfer.2a, ecommerce.operations-access.operator-authorization.201a

1/1 mutations cleanly caught
artifact: /var/lib/docker/volumes/stack-bench-state/_data/results/diagnostics/count-f9d81006c/postgres-transfer-control.runs/r1/mutation-control.json
  postgres-ecom-run30-ecommerce-postgres-run30-20260927063929-ae75289a: NO TRANSCRIPT in the CLI store — already pruned, or never run
  source kept at /var/lib/docker/volumes/stack-bench-state/_data/results/diagnostics/count-f9d81006c/postgres-transfer-control.runs/r1/source
  grading detail kept at /var/lib/docker/volumes/stack-bench-state/_data/results/diagnostics/count-f9d81006c/postgres-transfer-control.runs/r1/grading

================ postgres summary ================
  L3: 5/5 unaided -> 5/5 | 0 repairs | $0.00 total ($0.00 repairs) | not needed | 75s
  TOTAL 5/5  $0  0 repair(s)  109s
  /var/lib/docker/volumes/stack-bench-state/_data/results/diagnostics/count-f9d81006c/postgres-transfer-control.runs/r1/run.json
  removed the leased run container sb-a7d541e55d06a9b5-browser
  removed the leased run container sb-a7d541e55d06a9b5-build
  removed the leased run container sb-a7d541e55d06a9b5-backend
{
  "ok": true,
  "artifact": "/var/lib/docker/volumes/stack-bench-state/_data/results/diagnostics/count-f9d81006c/postgres-transfer-control.json",
  "stable": true,
  "sameImage": true,
  "sameHarness": true,
  "diagnostic": true,
  "runs": [
    {
      "repetition": 1,
      "ok": true,
      "score": "5/5",
      "criteria": 2,
      "zeroPointCriteria": 0,
      "mutations": {
        "caught": 1,
        "completed": 1,
        "total": 1,
        "remaining": 0
      },
      "failures": []
    }
  ]
}
