TAP version 13
# Subtest: going offline closes open sockets, never delivers held updates, and keeps the dev reload socket
ok 1 - going offline closes open sockets, never delivers held updates, and keeps the dev reload socket
  ---
  duration_ms: 3168.3902
  type: 'test'
  ...
# Subtest: going offline cuts event streams, long polls and streamed fetches (recovering client)
ok 2 - going offline cuts event streams, long polls and streamed fetches (recovering client)
  ---
  duration_ms: 5585.5657
  type: 'test'
  ...
# Subtest: going offline cuts event streams, long polls and streamed fetches (no recovery client)
ok 3 - going offline cuts event streams, long polls and streamed fetches (no recovery client)
  ---
  duration_ms: 5630.8293
  type: 'test'
  ...
# Subtest: a root/token app socket is cut, and an unproven cut is unmeasured
ok 4 - a root/token app socket is cut, and an unproven cut is unmeasured
  ---
  duration_ms: 7284.602
  type: 'test'
  ...
1..4
# tests 4
# suites 0
# pass 4
# fail 0
# cancelled 0
# skipped 0
# todo 0
# duration_ms 22211.6001
