TAP version 13
# Subtest: a lost browser HTTP reply keeps its committed effect and does not change the write
    # Subtest: loss=false
    ok 1 - loss=false
      ---
      duration_ms: 341.6833
      type: 'test'
      ...
    # Subtest: loss=true
    not ok 2 - loss=true
      ---
      duration_ms: 173.393
      type: 'test'
      location: 'D:\\Development\\ClockworkLabs\\SpacetimeDB\\SpacetimeDB\\tools\\stack-bench\\dist\\tests\\response-loss.integration.js:51:17'
      failureType: 'testCodeFailure'
      error: |-
        Only a delivered reply may update the browser session cookie
        + actual - expected
        
          [
        +   'cart-true',
        +   'cart-true',
        +   'cart-true'
        -   null,
        -   null,
        -   null
          ]
        
      code: 'ERR_ASSERTION'
      name: 'AssertionError'
      expected:
        0: ~
        1: ~
        2: ~
      actual:
        0: 'cart-true'
        1: 'cart-true'
        2: 'cart-true'
      operator: 'deepStrictEqual'
      stack: |-
        TestContext.<anonymous> (file:///D:/Development/ClockworkLabs/SpacetimeDB/SpacetimeDB/tools/stack-bench/dist/tests/response-loss.integration.js:96:24)
        async Test.run (node:internal/test_runner/test:1054:7)
        async TestContext.<anonymous> (file:///D:/Development/ClockworkLabs/SpacetimeDB/SpacetimeDB/tools/stack-bench/dist/tests/response-loss.integration.js:51:9)
        async Test.run (node:internal/test_runner/test:1054:7)
        async startSubtestAfterBootstrap (node:internal/test_runner/harness:296:3)
      ...
    1..2
not ok 1 - a lost browser HTTP reply keeps its committed effect and does not change the write
  ---
  duration_ms: 808.4949
  type: 'test'
  location: 'D:\\Development\\ClockworkLabs\\SpacetimeDB\\SpacetimeDB\\tools\\stack-bench\\dist\\tests\\response-loss.integration.js:9:1'
  failureType: 'subtestsFailed'
  error: '1 subtest failed'
  code: 'ERR_TEST_FAILURE'
  ...
1..1
# tests 3
# suites 0
# pass 1
# fail 2
# cancelled 0
# skipped 0
# todo 0
# duration_ms 1484.9466
