TAP version 13
# Subtest: lost-reply action requires observed commit and a clean gate, and always restores delivery
ok 1 - lost-reply action requires observed commit and a clean gate, and always restores delivery
  ---
  duration_ms: 25.5249
  type: 'test'
  ...
# Subtest: a lost browser HTTP reply keeps its committed effect and does not change the write
    # Subtest: loss=false
    ok 1 - loss=false
      ---
      duration_ms: 269.1375
      type: 'test'
      ...
    # Subtest: loss=true
    ok 2 - loss=true
      ---
      duration_ms: 136.3095
      type: 'test'
      ...
    1..2
ok 2 - a lost browser HTTP reply keeps its committed effect and does not change the write
  ---
  duration_ms: 622.6794
  type: 'test'
  ...
# Subtest: native text and binary WebSocket replies are dropped without changing requests or subprotocol
    # Subtest: binary=false, loss=false, lookup failure=false
    ok 1 - binary=false, loss=false, lookup failure=false
      ---
      duration_ms: 199.5258
      type: 'test'
      ...
    # Subtest: binary=false, loss=true, lookup failure=false
    ok 2 - binary=false, loss=true, lookup failure=false
      ---
      duration_ms: 180.6815
      type: 'test'
      ...
    # Subtest: binary=true, loss=false, lookup failure=false
    ok 3 - binary=true, loss=false, lookup failure=false
      ---
      duration_ms: 146.0778
      type: 'test'
      ...
    # Subtest: binary=true, loss=true, lookup failure=false
    ok 4 - binary=true, loss=true, lookup failure=false
      ---
      duration_ms: 171.917
      type: 'test'
      ...
    # Subtest: binary=false, loss=true, lookup failure=true
    ok 5 - binary=false, loss=true, lookup failure=true
      ---
      duration_ms: 197.8252
      type: 'test'
      ...
    1..5
ok 3 - native text and binary WebSocket replies are dropped without changing requests or subprotocol
  ---
  duration_ms: 1088.6464
  type: 'test'
  ...
1..3
# tests 10
# suites 0
# pass 10
# fail 0
# cancelled 0
# skipped 0
# todo 0
# duration_ms 2303.4517
