TAP version 13
# Subtest: lost-reply action requires observed commit and a clean gate, and always restores delivery
ok 1 - lost-reply action requires observed commit and a clean gate, and always restores delivery
  ---
  duration_ms: 22.9647
  type: 'test'
  ...
# Subtest: a lost browser HTTP reply keeps its committed effect and does not change the write
    # Subtest: loss=false
    ok 1 - loss=false
      ---
      duration_ms: 321.4663
      type: 'test'
      ...
    # Subtest: loss=true
    ok 2 - loss=true
      ---
      duration_ms: 188.2362
      type: 'test'
      ...
    1..2
ok 2 - a lost browser HTTP reply keeps its committed effect and does not change the write
  ---
  duration_ms: 906.8007
  type: 'test'
  ...
# Subtest: native text and binary WebSocket replies are dropped without changing requests or subprotocol
    # Subtest: binary=false, loss=false
    ok 1 - binary=false, loss=false
      ---
      duration_ms: 223.954
      type: 'test'
      ...
    # Subtest: binary=false, loss=true
    ok 2 - binary=false, loss=true
      ---
      duration_ms: 231.3893
      type: 'test'
      ...
    # Subtest: binary=true, loss=false
    ok 3 - binary=true, loss=false
      ---
      duration_ms: 120.0312
      type: 'test'
      ...
    # Subtest: binary=true, loss=true
    ok 4 - binary=true, loss=true
      ---
      duration_ms: 146.7668
      type: 'test'
      ...
    1..4
ok 3 - native text and binary WebSocket replies are dropped without changing requests or subprotocol
  ---
  duration_ms: 995.2032
  type: 'test'
  ...
1..3
# tests 9
# suites 0
# pass 9
# fail 0
# cancelled 0
# skipped 0
# todo 0
# duration_ms 2550.8441
