TAP version 13
# Subtest: a click that removes its target before timing out is inconclusive and is not repeated
ok 1 - a click that removes its target before timing out is inconclusive and is not repeated
  ---
  duration_ms: 2704.5642
  type: 'test'
  ...
# Subtest: a hit-target interceptor that prevents the click is blocked-control evidence
not ok 2 - a hit-target interceptor that prevents the click is blocked-control evidence
  ---
  duration_ms: 1422.6449
  type: 'test'
  location: 'D:\\Development\\ClockworkLabs\\SpacetimeDB\\SpacetimeDB\\tools\\stack-bench\\dist\\tests\\browser-action-executors.test.js:565:1'
  failureType: 'testCodeFailure'
  error: |-
    Expected values to be strictly equal:
    + actual - expected
    
    + 'inconclusive'
    - 'failed'
    
  code: 'ERR_ASSERTION'
  name: 'AssertionError'
  expected: 'failed'
  actual: 'inconclusive'
  operator: 'strictEqual'
  stack: |-
    TestContext.<anonymous> (file:///D:/Development/ClockworkLabs/SpacetimeDB/SpacetimeDB/tools/stack-bench/dist/tests/browser-action-executors.test.js:598:16)
    async Test.run (node:internal/test_runner/test:1054:7)
    async Test.processPendingSubtests (node:internal/test_runner/test:744:7)
  ...
# Subtest: an intercepted attempt cannot erase a later delivered click timeout
ok 3 - an intercepted attempt cannot erase a later delivered click timeout
  ---
  duration_ms: 3825.6094
  type: 'test'
  ...
1..3
# tests 3
# suites 0
# pass 2
# fail 1
# cancelled 0
# skipped 0
# todo 0
# duration_ms 9428.2446
