TAP version 13
# Subtest: a click that removes its target before timing out is inconclusive and is not repeated
ok 1 - a click that removes its target before timing out is inconclusive and is not repeated
  ---
  duration_ms: 2493.4775
  type: 'test'
  ...
# Subtest: a hit-target interceptor that prevents the click is blocked-control evidence
ok 2 - a hit-target interceptor that prevents the click is blocked-control evidence
  ---
  duration_ms: 1342.1985
  type: 'test'
  ...
# Subtest: an intercepted attempt cannot erase a later delivered click timeout
ok 3 - an intercepted attempt cannot erase a later delivered click timeout
  ---
  duration_ms: 3765.9267
  type: 'test'
  ...
1..3
# tests 3
# suites 0
# pass 3
# fail 0
# cancelled 0
# skipped 0
# todo 0
# duration_ms 8513.6314
