2026-09-28T23:41:25.886904509Z ecommerce L3 selected-source-022 (01-purchase-session.json)
2026-09-28T23:41:50.554929789Z selected-source-022: 0/2
2026-09-28T23:41:51.142145381Z {
2026-09-28T23:41:51.142312949Z   "id": "null-control-2026-09-28T23-41-22-189Z",
2026-09-28T23:41:51.142342562Z   "kind": "null_control",
2026-09-28T23:41:51.142346283Z   "durationMs": 28364,
2026-09-28T23:41:51.142348283Z   "tracks": [
2026-09-28T23:41:51.142350023Z     "ecommerce"
2026-09-28T23:41:51.142351723Z   ],
2026-09-28T23:41:51.142353143Z   "ok": true,
2026-09-28T23:41:51.142354713Z   "summary": {
2026-09-28T23:41:51.142356624Z     "criteria": 1,
2026-09-28T23:41:51.142358194Z     "points": 2,
2026-09-28T23:41:51.142359844Z     "expectedFailures": {
2026-09-28T23:41:51.142361454Z       "criteria": 1,
2026-09-28T23:41:51.142363134Z       "points": 2
2026-09-28T23:41:51.142364615Z     },
2026-09-28T23:41:51.142366095Z     "expectedFailureStages": {
2026-09-28T23:41:51.142367675Z       "setup": {
2026-09-28T23:41:51.142369145Z         "criteria": 1,
2026-09-28T23:41:51.142370655Z         "points": 2
2026-09-28T23:41:51.142372105Z       },
2026-09-28T23:41:51.142373565Z       "assertion": {
2026-09-28T23:41:51.142375196Z         "criteria": 0,
2026-09-28T23:41:51.142376646Z         "points": 0
2026-09-28T23:41:51.142378196Z       }
2026-09-28T23:41:51.142379676Z     },
2026-09-28T23:41:51.142381126Z     "vacuousPasses": {
2026-09-28T23:41:51.142382626Z       "criteria": 0,
2026-09-28T23:41:51.142384157Z       "points": 0
2026-09-28T23:41:51.142385657Z     },
2026-09-28T23:41:51.142387267Z     "oracleGaps": {
2026-09-28T23:41:51.142388827Z       "criteria": 0,
2026-09-28T23:41:51.142390347Z       "points": 0
2026-09-28T23:41:51.142391967Z     },
2026-09-28T23:41:51.142393408Z     "unscored": {
2026-09-28T23:41:51.142394998Z       "criteria": 0,
2026-09-28T23:41:51.142396398Z       "passed": 0,
2026-09-28T23:41:51.142397818Z       "failed": 0,
2026-09-28T23:41:51.142399238Z       "inconclusive": 0
2026-09-28T23:41:51.142400898Z     }
2026-09-28T23:41:51.142402299Z   },
2026-09-28T23:41:51.142403829Z   "artifact": "/var/lib/docker/volumes/stack-bench-state/_data/results/diagnostics/cookie-session-0ab41064a-reference/null.json"
2026-09-28T23:41:51.142405549Z }
