TAP version 13
# Subtest: native stock observer reads stored rows and patches only the selected native document
ok 1 - native stock observer reads stored rows and patches only the selected native document
  ---
  duration_ms: 12.0489
  type: 'test'
  ...
# Subtest: native order snapshots normalize only IDs and use the shared order oracle
ok 2 - native order snapshots normalize only IDs and use the shared order oracle
  ---
  duration_ms: 6.8482
  type: 'test'
  ...
# Subtest: native observer rejects missing tables, duplicate links, invalid quantities and stalled snapshots
ok 3 - native observer rejects missing tables, duplicate links, invalid quantities and stalled snapshots
  ---
  duration_ms: 4.1371
  type: 'test'
  ...
# Subtest: native envelopes preserve HTTP status semantics without turning errors into acceptance or refusals
ok 4 - native envelopes preserve HTTP status semantics without turning errors into acceptance or refusals
  ---
  duration_ms: 0.3592
  type: 'test'
  ...
1..4
# tests 4
# suites 0
# pass 4
# fail 0
# cancelled 0
# skipped 0
# todo 0
# duration_ms 814.3408
