TAP version 13
# Subtest: cart checks reopen catalog after authentication and reload without refreshing live observers
    # Subtest: 4b-live
    not ok 1 - 4b-live
      ---
      duration_ms: 28147.2699
      type: 'test'
      location: 'D:\\Development\\ClockworkLabs\\SpacetimeDB\\SpacetimeDB\\tools\\stack-bench\\dist\\tests\\selected-grade.integration.js:240:17'
      failureType: 'testCodeFailure'
      error: |-
        Expected values to be strictly equal:
        
        'failed' !== 'passed'
        
      code: 'ERR_ASSERTION'
      name: 'AssertionError'
      expected: 'passed'
      actual: 'failed'
      operator: 'strictEqual'
      stack: |-
        TestContext.<anonymous> (file:///D:/Development/ClockworkLabs/SpacetimeDB/SpacetimeDB/tools/stack-bench/dist/tests/selected-grade.integration.js:300:24)
        process.processTicksAndRejections (node:internal/process/task_queues:103:5)
        async Test.run (node:internal/test_runner/test:1054:7)
        async TestContext.<anonymous> (file:///D:/Development/ClockworkLabs/SpacetimeDB/SpacetimeDB/tools/stack-bench/dist/tests/selected-grade.integration.js:240:9)
        async Test.run (node:internal/test_runner/test:1054:7)
        async startSubtestAfterBootstrap (node:internal/test_runner/harness:296:3)
      ...
    # Subtest: 4c-live
    not ok 2 - 4c-live
      ---
      duration_ms: 29037.9925
      type: 'test'
      location: 'D:\\Development\\ClockworkLabs\\SpacetimeDB\\SpacetimeDB\\tools\\stack-bench\\dist\\tests\\selected-grade.integration.js:240:17'
      failureType: 'testCodeFailure'
      error: |-
        Expected values to be strictly equal:
        
        'failed' !== 'passed'
        
      code: 'ERR_ASSERTION'
      name: 'AssertionError'
      expected: 'passed'
      actual: 'failed'
      operator: 'strictEqual'
      stack: |-
        TestContext.<anonymous> (file:///D:/Development/ClockworkLabs/SpacetimeDB/SpacetimeDB/tools/stack-bench/dist/tests/selected-grade.integration.js:300:24)
        process.processTicksAndRejections (node:internal/process/task_queues:103:5)
        async Test.run (node:internal/test_runner/test:1054:7)
        async TestContext.<anonymous> (file:///D:/Development/ClockworkLabs/SpacetimeDB/SpacetimeDB/tools/stack-bench/dist/tests/selected-grade.integration.js:240:9)
        async Test.run (node:internal/test_runner/test:1054:7)
        async startSubtestAfterBootstrap (node:internal/test_runner/harness:296:3)
      ...
    # Subtest: 4c-stale
    not ok 3 - 4c-stale
      ---
      duration_ms: 1956.5062
      type: 'test'
      location: 'D:\\Development\\ClockworkLabs\\SpacetimeDB\\SpacetimeDB\\tools\\stack-bench\\dist\\tests\\selected-grade.integration.js:240:17'
      failureType: 'testCodeFailure'
      error: |-
        Command failed: C:\nvm4w\nodejs\node.exe D:\Development\ClockworkLabs\SpacetimeDB\SpacetimeDB\tools\stack-bench\dist\grader\grade.js --url http://127.0.0.1:61533 --level 2 --track ecommerce --backend postgres --app D:\Development\ClockworkLabs\SpacetimeDB\SpacetimeDB\tools\stack-bench\results\diagnostics\cart-navigation-WgfTEU\4c-false --spec D:\Development\ClockworkLabs\SpacetimeDB\SpacetimeDB\tools\stack-bench\tracks\ecommerce\scenarios\01-cart.json --out D:\Development\ClockworkLabs\SpacetimeDB\SpacetimeDB\tools\stack-bench\results\diagnostics\cart-navigation-WgfTEU\4c-false\grade.json --recipe ecommerce.progression-catalog --selected-check ecommerce.spec.live-state.shared-cart.4c --expected-recipe-sha256 5af86e8add240d37f660a30a1e9fca7ec7313f19647af57c8c95c57111ce2de3 --selection-sha256 5d0e49218b56fe6a256e9fcd21798b401cbd604ef84715a4839e3726462cd9ad
        Error: recipe changed before grading: expected 5af86e8add240d37f660a30a1e9fca7ec7313f19647af57c8c95c57111ce2de3, resolved d95d5be1e36e5a3459c7857a0761b06491533ea579c0ad9c1ffc207586e07bff
            at main (file:///D:/Development/ClockworkLabs/SpacetimeDB/SpacetimeDB/tools/stack-bench/dist/grader/grade.js:1088:15)
            at file:///D:/Development/ClockworkLabs/SpacetimeDB/SpacetimeDB/tools/stack-bench/dist/grader/grade.js:1195:5
            at ModuleJob.run (node:internal/modules/esm/module_job:343:25)
            at async onImport.tracePromise.__proto__ (node:internal/modules/esm/loader:665:26)
            at async asyncRunEntryPointWithESMLoader (node:internal/modules/run_main:117:5)
        
        
        Error: recipe changed before grading: expected 5af86e8add240d37f660a30a1e9fca7ec7313f19647af57c8c95c57111ce2de3, resolved d95d5be1e36e5a3459c7857a0761b06491533ea579c0ad9c1ffc207586e07bff
            at main (file:///D:/Development/ClockworkLabs/SpacetimeDB/SpacetimeDB/tools/stack-bench/dist/grader/grade.js:1088:15)
            at file:///D:/Development/ClockworkLabs/SpacetimeDB/SpacetimeDB/tools/stack-bench/dist/grader/grade.js:1195:5
            at ModuleJob.run (node:internal/modules/esm/module_job:343:25)
            at async onImport.tracePromise.__proto__ (node:internal/modules/esm/loader:665:26)
            at async asyncRunEntryPointWithESMLoader (node:internal/modules/run_main:117:5)
        
      code: 'ERR_TEST_FAILURE'
      stack: |-
        main (file:///D:/Development/ClockworkLabs/SpacetimeDB/SpacetimeDB/tools/stack-bench/dist/grader/grade.js:1088:15)
        file:///D:/Development/ClockworkLabs/SpacetimeDB/SpacetimeDB/tools/stack-bench/dist/grader/grade.js:1195:5
        ModuleJob.run (node:internal/modules/esm/module_job:343:25)
        async onImport.tracePromise.__proto__ (node:internal/modules/esm/loader:665:26)
        async asyncRunEntryPointWithESMLoader (node:internal/modules/run_main:117:5)
        main (file:///D:/Development/ClockworkLabs/SpacetimeDB/SpacetimeDB/tools/stack-bench/dist/grader/grade.js:1088:15)
        file:///D:/Development/ClockworkLabs/SpacetimeDB/SpacetimeDB/tools/stack-bench/dist/grader/grade.js:1195:5
        ModuleJob.run (node:internal/modules/esm/module_job:343:25)
        async onImport.tracePromise.__proto__ (node:internal/modules/esm/loader:665:26)
        async asyncRunEntryPointWithESMLoader (node:internal/modules/run_main:117:5)
        file:///D:/Development/ClockworkLabs/SpacetimeDB/SpacetimeDB/tools/stack-bench/dist/tests/selected-grade.integration.js:56:24
        ChildProcess.exithandler (node:child_process:424:5)
        ChildProcess.emit (node:events:519:28)
        maybeClose (node:internal/child_process:1101:16)
        ChildProcess._handle.onexit (node:internal/child_process:304:5)
      ...
    1..3
not ok 1 - cart checks reopen catalog after authentication and reload without refreshing live observers
  ---
  duration_ms: 60339.5615
  type: 'test'
  location: 'D:\\Development\\ClockworkLabs\\SpacetimeDB\\SpacetimeDB\\tools\\stack-bench\\dist\\tests\\selected-grade.integration.js:232:1'
  failureType: 'subtestsFailed'
  error: '3 subtests failed'
  code: 'ERR_TEST_FAILURE'
  ...
# Evidence: D:\\Development\\ClockworkLabs\\SpacetimeDB\\SpacetimeDB\\tools\\stack-bench\\results\\diagnostics\\cart-navigation-WgfTEU; repeat: node --test --test-name-pattern="cart checks reopen" dist/tests/selected-grade.integration.js
1..1
# tests 4
# suites 0
# pass 0
# fail 4
# cancelled 0
# skipped 0
# todo 0
# duration_ms 60622.3711
