TAP version 13
# Subtest: purchase observers reach a separate catalog before the write and stay there
    # Subtest: root
    ok 1 - root
      ---
      duration_ms: 24730.1478
      type: 'test'
      ...
    # Subtest: linked
    not ok 2 - linked
      ---
      duration_ms: 28036.0797
      type: 'test'
      location: 'D:\\Development\\ClockworkLabs\\SpacetimeDB\\SpacetimeDB\\tools\\stack-bench\\dist\\tests\\selected-grade.integration.js:166:17'
      failureType: 'testCodeFailure'
      error: |-
        Expected values to be strictly equal:
        
        'failed' !== 'passed'
        
      code: 'ERR_ASSERTION'
      name: 'AssertionError'
      expected: 'passed'
      actual: 'failed'
      operator: 'strictEqual'
      stack: |-
        TestContext.<anonymous> (file:///D:/Development/ClockworkLabs/SpacetimeDB/SpacetimeDB/tools/stack-bench/dist/tests/selected-grade.integration.js:221:24)
        process.processTicksAndRejections (node:internal/process/task_queues:103:5)
        async Test.run (node:internal/test_runner/test:1054:7)
        async TestContext.<anonymous> (file:///D:/Development/ClockworkLabs/SpacetimeDB/SpacetimeDB/tools/stack-bench/dist/tests/selected-grade.integration.js:166:9)
        async Test.run (node:internal/test_runner/test:1054:7)
        async startSubtestAfterBootstrap (node:internal/test_runner/harness:296:3)
      ...
    # Subtest: dead-link
    ok 3 - dead-link
      ---
      duration_ms: 28042.513
      type: 'test'
      ...
    # Subtest: stale-observer
    not ok 4 - stale-observer
      ---
      duration_ms: 27697.0585
      type: 'test'
      location: 'D:\\Development\\ClockworkLabs\\SpacetimeDB\\SpacetimeDB\\tools\\stack-bench\\dist\\tests\\selected-grade.integration.js:166:17'
      failureType: 'testCodeFailure'
      error: |-
        the live observation must follow a real purchase
        
        0 !== 1
        
      code: 'ERR_ASSERTION'
      name: 'AssertionError'
      expected: 1
      actual: 0
      operator: 'strictEqual'
      stack: |-
        TestContext.<anonymous> (file:///D:/Development/ClockworkLabs/SpacetimeDB/SpacetimeDB/tools/stack-bench/dist/tests/selected-grade.integration.js:223:28)
        process.processTicksAndRejections (node:internal/process/task_queues:103:5)
        async Test.run (node:internal/test_runner/test:1054:7)
        async TestContext.<anonymous> (file:///D:/Development/ClockworkLabs/SpacetimeDB/SpacetimeDB/tools/stack-bench/dist/tests/selected-grade.integration.js:166:9)
        async Test.run (node:internal/test_runner/test:1054:7)
        async startSubtestAfterBootstrap (node:internal/test_runner/harness:296:3)
      ...
    1..4
not ok 1 - purchase observers reach a separate catalog before the write and stay there
  ---
  duration_ms: 109920.5476
  type: 'test'
  location: 'D:\\Development\\ClockworkLabs\\SpacetimeDB\\SpacetimeDB\\tools\\stack-bench\\dist\\tests\\selected-grade.integration.js:150:1'
  failureType: 'subtestsFailed'
  error: '2 subtests failed'
  code: 'ERR_TEST_FAILURE'
  ...
# Evidence: D:\\Development\\ClockworkLabs\\SpacetimeDB\\SpacetimeDB\\tools\\stack-bench\\results\\diagnostics\\purchase-navigation-P1ho47; repeat: node --test --test-name-pattern="purchase observers" dist/tests/selected-grade.integration.js
1..1
# tests 5
# suites 0
# pass 2
# fail 3
# cancelled 0
# skipped 0
# todo 0
# duration_ms 110211.4058
