TAP version 13
# Subtest: purchase observers reach a separate catalog before the write and stay there
    # Subtest: root
    ok 1 - root
      ---
      duration_ms: 2281.4176
      type: 'test'
      ...
    # Subtest: linked
    ok 2 - linked
      ---
      duration_ms: 2343.969
      type: 'test'
      ...
    # Subtest: dead-link
    ok 3 - dead-link
      ---
      duration_ms: 7133.7287
      type: 'test'
      ...
    # Subtest: stale-observer
    ok 4 - stale-observer
      ---
      duration_ms: 6991.4931
      type: 'test'
      ...
    # Subtest: late-first-read
    ok 5 - late-first-read
      ---
      duration_ms: 7291.261
      type: 'test'
      ...
    1..5
ok 1 - purchase observers reach a separate catalog before the write and stay there
  ---
  duration_ms: 26851.6221
  type: 'test'
  ...
# Evidence: D:\\Development\\ClockworkLabs\\SpacetimeDB\\SpacetimeDB\\tools\\stack-bench\\results\\diagnostics\\purchase-navigation-ePx0oJ; repeat: node --test --test-name-pattern="purchase observers" dist/tests/selected-grade.integration.js
1..1
# tests 6
# suites 0
# pass 6
# fail 0
# cancelled 0
# skipped 0
# todo 0
# duration_ms 27005.4983
