TAP version 13
# Subtest: trusted postgres stock reads use real database results
not ok 1 - trusted postgres stock reads use real database results
  ---
  duration_ms: 11004.1882
  type: 'test'
  location: 'D:\\Development\\ClockworkLabs\\SpacetimeDB\\SpacetimeDB\\tools\\stack-bench\\local-notes\\readiness-20260927\\stock-build\\tests\\stock-read.integration.js:12:5'
  failureType: 'testCodeFailure'
  error: "no stock data for Kid's Keyboard"
  code: 'ERR_TEST_FAILURE'
  stack: |-
    stockInterfaceError (file:///D:/Development/ClockworkLabs/SpacetimeDB/SpacetimeDB/tools/stack-bench/local-notes/readiness-20260927/stock-build/src/stacks/stock-interface.js:5:26)
    readPostgresStock (file:///D:/Development/ClockworkLabs/SpacetimeDB/SpacetimeDB/tools/stack-bench/local-notes/readiness-20260927/stock-build/src/stacks/postgres-sql.js:89:15)
    getPostgresStock (file:///D:/Development/ClockworkLabs/SpacetimeDB/SpacetimeDB/tools/stack-bench/local-notes/readiness-20260927/stock-build/src/stacks/backends/postgres-operations.js:49:12)
    TestContext.<anonymous> (file:///D:/Development/ClockworkLabs/SpacetimeDB/SpacetimeDB/tools/stack-bench/local-notes/readiness-20260927/stock-build/tests/stock-read.integration.js:69:30)
    async Test.run (node:internal/test_runner/test:1054:7)
    async startSubtestAfterBootstrap (node:internal/test_runner/harness:296:3)
  ...
1..1
# tests 1
# suites 0
# pass 0
# fail 1
# cancelled 0
# skipped 0
# todo 0
# duration_ms 11145.5671
