TAP version 13
# Subtest: reference HTTP helpers preserve complete responses and reject body transport loss
    # Subtest: postgres: json
    ok 1 - postgres: json
      ---
      duration_ms: 22.0665
      type: 'test'
      ...
    # Subtest: postgres: empty
    ok 2 - postgres: empty
      ---
      duration_ms: 5.268
      type: 'test'
      ...
    # Subtest: postgres: text
    ok 3 - postgres: text
      ---
      duration_ms: 3.1543
      type: 'test'
      ...
    # Subtest: postgres: refused
    ok 4 - postgres: refused
      ---
      duration_ms: 2.4424
      type: 'test'
      ...
    # Subtest: postgres: body-aborted
    ok 5 - postgres: body-aborted
      ---
      duration_ms: 68.3016
      type: 'test'
      ...
    # Subtest: mongodb: json
    ok 6 - mongodb: json
      ---
      duration_ms: 3.417
      type: 'test'
      ...
    # Subtest: mongodb: empty
    ok 7 - mongodb: empty
      ---
      duration_ms: 1.1026
      type: 'test'
      ...
    # Subtest: mongodb: text
    ok 8 - mongodb: text
      ---
      duration_ms: 2.8423
      type: 'test'
      ...
    # Subtest: mongodb: refused
    ok 9 - mongodb: refused
      ---
      duration_ms: 2.8966
      type: 'test'
      ...
    # Subtest: mongodb: body-aborted
    ok 10 - mongodb: body-aborted
      ---
      duration_ms: 56.2685
      type: 'test'
      ...
    # Subtest: mongodb-app: json
    ok 11 - mongodb-app: json
      ---
      duration_ms: 8.7382
      type: 'test'
      ...
    # Subtest: mongodb-app: empty
    ok 12 - mongodb-app: empty
      ---
      duration_ms: 1.8642
      type: 'test'
      ...
    # Subtest: mongodb-app: text
    ok 13 - mongodb-app: text
      ---
      duration_ms: 2.4983
      type: 'test'
      ...
    # Subtest: mongodb-app: refused
    ok 14 - mongodb-app: refused
      ---
      duration_ms: 6.2186
      type: 'test'
      ...
    # Subtest: mongodb-app: body-aborted
    ok 15 - mongodb-app: body-aborted
      ---
      duration_ms: 64.0333
      type: 'test'
      ...
    # Subtest: postgres-app: json
    ok 16 - postgres-app: json
      ---
      duration_ms: 3.4524
      type: 'test'
      ...
    # Subtest: postgres-app: empty
    ok 17 - postgres-app: empty
      ---
      duration_ms: 1.0503
      type: 'test'
      ...
    # Subtest: postgres-app: text
    ok 18 - postgres-app: text
      ---
      duration_ms: 0.9352
      type: 'test'
      ...
    # Subtest: postgres-app: refused
    ok 19 - postgres-app: refused
      ---
      duration_ms: 0.9368
      type: 'test'
      ...
    # Subtest: postgres-app: body-aborted
    ok 20 - postgres-app: body-aborted
      ---
      duration_ms: 60.3848
      type: 'test'
      ...
    1..20
ok 1 - reference HTTP helpers preserve complete responses and reject body transport loss
  ---
  duration_ms: 463.6606
  type: 'test'
  ...
1..1
# tests 21
# suites 0
# pass 21
# fail 0
# cancelled 0
# skipped 0
# todo 0
# duration_ms 855.7932
