2026-09-27T22:56:43.214196031Z ecommerce L3 selected-source-072 (progression-checkout-crash.json)
2026-09-27T22:57:06.553621752Z selected-source-072: 0/2
2026-09-27T22:57:06.964415862Z {
2026-09-27T22:57:06.964451904Z   "id": "null-control-2026-09-27T22-56-40-102Z",
2026-09-27T22:57:06.964454344Z   "kind": "null_control",
2026-09-27T22:57:06.964456534Z   "durationMs": 26452,
2026-09-27T22:57:06.964458164Z   "tracks": [
2026-09-27T22:57:06.964464025Z     "ecommerce"
2026-09-27T22:57:06.964465745Z   ],
2026-09-27T22:57:06.964467415Z   "ok": true,
2026-09-27T22:57:06.964468885Z   "summary": {
2026-09-27T22:57:06.964470555Z     "criteria": 2,
2026-09-27T22:57:06.964471985Z     "points": 2,
2026-09-27T22:57:06.964473495Z     "expectedFailures": {
2026-09-27T22:57:06.964475005Z       "criteria": 2,
2026-09-27T22:57:06.964476705Z       "points": 2
2026-09-27T22:57:06.964478135Z     },
2026-09-27T22:57:06.964479866Z     "expectedFailureStages": {
2026-09-27T22:57:06.964481396Z       "setup": {
2026-09-27T22:57:06.964482916Z         "criteria": 2,
2026-09-27T22:57:06.964484416Z         "points": 2
2026-09-27T22:57:06.964485906Z       },
2026-09-27T22:57:06.964487416Z       "assertion": {
2026-09-27T22:57:06.964488916Z         "criteria": 0,
2026-09-27T22:57:06.964490356Z         "points": 0
2026-09-27T22:57:06.964491846Z       }
2026-09-27T22:57:06.964493356Z     },
2026-09-27T22:57:06.964494846Z     "vacuousPasses": {
2026-09-27T22:57:06.964496356Z       "criteria": 0,
2026-09-27T22:57:06.964497816Z       "points": 0
2026-09-27T22:57:06.964499457Z     },
2026-09-27T22:57:06.964500867Z     "oracleGaps": {
2026-09-27T22:57:06.964502327Z       "criteria": 0,
2026-09-27T22:57:06.964503917Z       "points": 0
2026-09-27T22:57:06.964505357Z     },
2026-09-27T22:57:06.964506767Z     "unscored": {
2026-09-27T22:57:06.964508267Z       "criteria": 0,
2026-09-27T22:57:06.964509777Z       "passed": 0,
2026-09-27T22:57:06.964511257Z       "failed": 0,
2026-09-27T22:57:06.964512747Z       "inconclusive": 0
2026-09-27T22:57:06.964514447Z     }
2026-09-27T22:57:06.964515957Z   },
2026-09-27T22:57:06.964517417Z   "artifact": "/var/lib/docker/volumes/stack-bench-state/_data/results/diagnostics/crash-qualification-473ca5c2d/null.json"
2026-09-27T22:57:06.964519127Z }
